resources/js/Components/ai/immersive/cover-letter/ATSScoreLive.tsx(64,58): error TS2322: Type '{ value: number; className: string; indicatorClassName: string; }' is not assignable to type 'IntrinsicAttributes & Omit<ProgressProps & RefAttributes<HTMLDivElement>, "ref"> & RefAttributes<HTMLDivElement>'.
  Property 'indicatorClassName' does not exist on type 'IntrinsicAttributes & Omit<ProgressProps & RefAttributes<HTMLDivElement>, "ref"> & RefAttributes<HTMLDivElement>'.
resources/js/Layouts/AuthenticatedLayout.tsx(221,15): error TS2339: Property 'adminOnly' does not exist on type '{ name: string; href: string; icon: ForwardRefExoticComponent<Omit<LucideProps, "ref"> & RefAttributes<SVGSVGElement>>; active: boolean; }'.
resources/js/Layouts/AuthenticatedLayout.tsx(221,34): error TS2339: Property 'UserType' does not exist on type 'User'.
resources/js/Layouts/AuthenticatedLayout.tsx(711,47): error TS2339: Property 'profile_photo_url' does not exist on type 'User'.
resources/js/Layouts/AuthenticatedLayout.tsx(712,60): error TS2339: Property 'profile_photo_url' does not exist on type 'User'.
resources/js/Layouts/AuthenticatedLayout.tsx(860,57): error TS2552: Cannot find name 'shouldHideHeaderOnMobile'. Did you mean 'hideHeaderOnMobile'?
resources/js/Pages/CareerAdvisor/Interview/Session.tsx(9,34): error TS2339: Property 'SpeechRecognition' does not exist on type 'Window & typeof globalThis'.
resources/js/Pages/CareerAdvisor/Interview/Session.tsx(9,62): error TS2339: Property 'webkitSpeechRecognition' does not exist on type 'Window & typeof globalThis'.
resources/js/Pages/CareerAdvisor/Interview/Session.tsx(122,44): error TS2552: Cannot find name 'router'. Did you mean 'route'?
resources/js/stores/careerAdvisorStore.ts(1,24): error TS2307: Cannot find module 'zustand' or its corresponding type declarations.
resources/js/stores/careerAdvisorStore.ts(2,25): error TS2307: Cannot find module 'zustand/middleware' or its corresponding type declarations.
